I'm sorry, but errors were detected in your script. Please correct the
errors listed below, and try again.


File "game/script.rpy", line 12: expected statement.
    count = 0
          ^

Ren'Py Version: Ren'Py 7.3.5.606
Mon Apr 27 17:50:12 2020
